// Jest Snapshot v1, https://goo.gl/fbAQLP

exports[`Components: Shared: UI: Button renders correctly 1`] = `
.c0 {
  -webkit-text-decoration: none;
  text-decoration: none;
  border-radius: 0.4rem;
  -webkit-transition: all 0.2s;
  transition: all 0.2s;
  position: relative;
  padding: 1rem 1.6rem;
  font-size: 1.6rem;
  cursor: pointer;
  display: inline-block;
  width: auto;
  font-family: NeutroMYOB-Medium;
  outline: none;
}

.c0[disabled] {
  opacity: 0.5;
  cursor: not-allowed;
}

.c0 + button,
.c0 + a[download] {
  margin-left: .4rem;
}

<ThemeProvider
  theme={
    Object {
      "colour": Object {
        "alert": Object {
          "danger": "#fff5f7",
          "default": "#f5f5f5",
          "success": "#00d1b2",
        },
        "background": "#f3f4f5",
        "border": "#efefef",
        "buttonPrimary": "#ffffff",
        "buttonPrimaryBackground": "#00aa65",
        "footerBackground": "#1b2830",
        "heading": "#2e3e4f",
        "navBackground": "#ffffff",
        "primary": "#8241AA",
        "secondary": "#ed005f",
        "text": "#515e6d",
      },
      "font": Object {
        "family": Object {
          "body": "NeutroMYOB-Regular",
          "fallback": "-apple-system,BlinkMacSystemFont,Segoe UI,Roboto,Helvetica Neue,Arial,sans-serif",
          "heading": "NeutroMYOB-Medium",
          "strong": "NeutroMYOB-Demi",
        },
        "size": Object {
          "large": "1.8rem",
          "medium": "1.6rem",
          "small": "1.4rem",
          "xlarge": "2.2rem",
          "xsmall": "1.2rem",
        },
        "variants": Object {
          "body": Object {
            "family": "NeutroMYOB-Regular",
            "src": Array [
              "url(https://assets.digital.myob.com/fonts/NeutroMYOB-Regular.woff2)",
              "url(https://assets.digital.myob.com/fonts/NeutroMYOB-Regular.woff)",
            ],
            "style": "normal",
            "weight": 400,
          },
          "heading": Object {
            "family": "NeutroMYOB-Medium",
            "src": Array [
              "url(https://assets.digital.myob.com/fonts/NeutroMYOB-Medium.woff2)",
              "url(https://assets.digital.myob.com/fonts/NeutroMYOB-Medium.woff)",
            ],
            "style": "normal",
            "weight": 600,
          },
          "strong": Object {
            "family": "NeutroMYOB-Demi",
            "src": Array [
              "url(https://assets.digital.myob.com/fonts/NeutroMYOB-Demi.woff2)",
              "url(https://assets.digital.myob.com/fonts/NeutroMYOB-Demi.woff)",
            ],
            "style": "normal",
            "weight": 700,
          },
        },
        "weight": Object {
          "bold": 600,
          "normal": 400,
        },
      },
      "lineHeight": Object {
        "heading": 1.5,
        "text": 1.7,
      },
      "media": Object {
        "desktop": 768,
        "large": 992,
        "tablet": 576,
      },
    }
  }
>
  <styled.button>
    <StyledComponent
      forwardedComponent={
        Object {
          "$$typeof": Symbol(react.forward_ref),
          "attrs": Array [],
          "componentStyle": ComponentStyle {
            "componentId": "sc-bdVaJa",
            "isStatic": false,
            "lastClassName": "c0",
            "rules": Array [
              "
  text-decoration: none;
  border-radius: 0.4rem;
  transition: all 0.2s;
  position: relative;
  
  padding: 1rem 1.6rem;
  font-size: ",
              [Function],
              ";

  ",
              [Function],
              "
  ",
              [Function],
              "
  ",
              [Function],
              "
  cursor: pointer;
  display: ",
              [Function],
              ";
  width: ",
              [Function],
              ";
  font-family: ",
              [Function],
              ";
  outline: none;

  &[disabled] {
    opacity: 0.5;
    cursor: not-allowed;
  }

  & + button,
  & + a[download] {
    margin-left: .4rem;
  }
",
            ],
          },
          "displayName": "styled.button",
          "foldedComponentIds": Array [],
          "render": [Function],
          "styledComponentId": "sc-bdVaJa",
          "target": "button",
          "toString": [Function],
          "warnTooManyClasses": [Function],
          "withComponent": [Function],
        }
      }
      forwardedRef={null}
    >
      <button
        className="c0"
      />
    </StyledComponent>
  </styled.button>
</ThemeProvider>
`;
