// Jest Snapshot v1, https://goo.gl/fbAQLP

exports[`Components: Shared: UI: Card Card renders correctly 1`] = `
<styled.div
  loading={false}
>
  Testing
</styled.div>
`;

exports[`Components: Shared: UI: Card CardStyle renders correctly 1`] = `
.c0 {
  position: relative;
  background-color: #ffffff;
  padding: 2rem;
  -webkit-box-shadow: 0 0.5rem 1rem rgba(0,0,0,0.15);
  -moz-box-shadow: 0 0.5rem 1rem rgba(0,0,0,0.15);
  box-shadow: 0 0.5rem 1rem rgba(0,0,0,0.15);
  border-radius: 0.3rem;
}

@media (min-width:36em) {
  .c0 {
    padding: 2.4rem;
  }
}

<ThemeProvider
  theme={
    Object {
      "colour": Object {
        "alert": Object {
          "danger": "#fff5f7",
          "default": "#f5f5f5",
          "success": "#00d1b2",
        },
        "background": "#f3f4f5",
        "border": "#efefef",
        "buttonPrimary": "#ffffff",
        "buttonPrimaryBackground": "#00aa65",
        "footerBackground": "#1b2830",
        "heading": "#2e3e4f",
        "navBackground": "#ffffff",
        "primary": "#8241AA",
        "secondary": "#ed005f",
        "text": "#515e6d",
      },
      "font": Object {
        "family": Object {
          "body": "NeutroMYOB-Regular",
          "fallback": "-apple-system,BlinkMacSystemFont,Segoe UI,Roboto,Helvetica Neue,Arial,sans-serif",
          "heading": "NeutroMYOB-Medium",
          "strong": "NeutroMYOB-Demi",
        },
        "size": Object {
          "large": "1.8rem",
          "medium": "1.6rem",
          "small": "1.4rem",
          "xlarge": "2.2rem",
          "xsmall": "1.2rem",
        },
        "variants": Object {
          "body": Object {
            "family": "NeutroMYOB-Regular",
            "src": Array [
              "url(https://assets.digital.myob.com/fonts/NeutroMYOB-Regular.woff2)",
              "url(https://assets.digital.myob.com/fonts/NeutroMYOB-Regular.woff)",
            ],
            "style": "normal",
            "weight": 400,
          },
          "heading": Object {
            "family": "NeutroMYOB-Medium",
            "src": Array [
              "url(https://assets.digital.myob.com/fonts/NeutroMYOB-Medium.woff2)",
              "url(https://assets.digital.myob.com/fonts/NeutroMYOB-Medium.woff)",
            ],
            "style": "normal",
            "weight": 600,
          },
          "strong": Object {
            "family": "NeutroMYOB-Demi",
            "src": Array [
              "url(https://assets.digital.myob.com/fonts/NeutroMYOB-Demi.woff2)",
              "url(https://assets.digital.myob.com/fonts/NeutroMYOB-Demi.woff)",
            ],
            "style": "normal",
            "weight": 700,
          },
        },
        "weight": Object {
          "bold": 600,
          "normal": 400,
        },
      },
      "lineHeight": Object {
        "heading": 1.5,
        "text": 1.7,
      },
      "media": Object {
        "desktop": 768,
        "large": 992,
        "tablet": 576,
      },
    }
  }
>
  <styled.div>
    <StyledComponent
      forwardedComponent={
        Object {
          "$$typeof": Symbol(react.forward_ref),
          "attrs": Array [],
          "componentStyle": ComponentStyle {
            "componentId": "sc-bdVaJa",
            "isStatic": false,
            "lastClassName": "c0",
            "rules": Array [
              "
  position: relative;
  background-color: #ffffff;
  padding: 2rem;
  -webkit-box-shadow: 0 0.5rem 1rem rgba(0, 0, 0, 0.15);
  -moz-box-shadow: 0 0.5rem 1rem rgba(0, 0, 0, 0.15);
  box-shadow: 0 0.5rem 1rem rgba(0, 0, 0, 0.15);
  border-radius: 0.3rem;

  ",
              [Function],
              "

  ",
              "
    @media (min-width: ",
              "36",
              "em) {
      ",
              "padding: 2.4rem;",
              "
    }
  ",
              "
",
            ],
          },
          "displayName": "styled.div",
          "foldedComponentIds": Array [],
          "render": [Function],
          "styledComponentId": "sc-bdVaJa",
          "target": "div",
          "toString": [Function],
          "warnTooManyClasses": [Function],
          "withComponent": [Function],
        }
      }
      forwardedRef={null}
    >
      <div
        className="c0"
      />
    </StyledComponent>
  </styled.div>
</ThemeProvider>
`;
