// Jest Snapshot v1, https://goo.gl/fbAQLP

exports[`Components: Shared: UI: Form Field renders correctly 1`] = `
<styled.div>
  <styled.div />
</styled.div>
`;
